******************************************************************************
                  TI ARM Linker PC v5.0.1                      
******************************************************************************
>> Linked Sat Dec 21 11:50:04 2013

OUTPUT FILE NAME:   <kokopter.out>
ENTRY POINT SYMBOL: "_c_int00"  address: 00004181


MEMORY CONFIGURATION

         name            origin    length      used     unused   attr    fill
----------------------  --------  ---------  --------  --------  ----  --------
  FLASH                 00000000   00040000  00004b48  0003b4b8  R  X
  SRAM                  20000000   00008000  00001334  00006ccc  RW X


SEGMENT ALLOCATION MAP

run origin  load origin   length   init length attrs members
----------  ----------- ---------- ----------- ----- -------
00000000    00000000    00004b48   00004b48    r-x
  00000000    00000000    0000026c   0000026c    r-- .intvecs
  0000026c    0000026c    000044ac   000044ac    r-x .text
  00004718    00004718    00000390   00000390    r-- .const
  00004aa8    00004aa8    000000a0   000000a0    r-- .cinit
20000000    20000000    00001000   00000000    rw-
  20000000    20000000    00001000   00000000    rw- .stack
20001000    20001000    00000334   0000022c    rw-
  20001000    20001000    0000022c   0000022c    rw- .data
  2000122c    2000122c    00000108   00000000    rw- .bss


SECTION ALLOCATION MAP

 output                                  attributes/
section   page    origin      length       input sections
--------  ----  ----------  ----------   ----------------
.intvecs   0    00000000    0000026c     
                  00000000    0000026c     startup_ccs.obj (.intvecs)

.text      0    0000026c    000044ac     
                  0000026c    00001418     main.obj (.text)
                  00001684    00000c20     imu.obj (.text)
                  000022a4    00000310     pwm.obj (.text)
                  000025b4    000002b4     rtsv7M4_T_le_v4SPD16_eabi.lib : xsin.obj (.text)
                  00002868    00000258                                   : tan.obj (.text)
                  00002ac0    000001d8     driverlib-cm4f.lib : sysctl.obj (.text:SysCtlClockGet)
                  00002c98    000001b6     rtsv7M4_T_le_v4SPD16_eabi.lib : fd_add_t2.obj (.text)
                  00002e4e    00000002     --HOLE-- [fill = 0]
                  00002e50    000001b4     I2C.obj (.text)
                  00003004    00000194     rtsv7M4_T_le_v4SPD16_eabi.lib : xatan.obj (.text)
                  00003198    00000168                                   : fmod.obj (.text)
                  00003300    00000154                                   : sqrt.obj (.text)
                  00003454    0000013c     driverlib-cm4f.lib : sysctl.obj (.text:SysCtlClockSet)
                  00003590    00000136     rtsv7M4_T_le_v4SPD16_eabi.lib : fd_div_t2.obj (.text)
                  000036c6    00000002     --HOLE-- [fill = 0]
                  000036c8    00000128                                   : asin.obj (.text)
                  000037f0    00000104                                   : xdscale.obj (.text)
                  000038f4    000000fc                                   : fd_mul_t2.obj (.text)
                  000039f0    000000c8     driverlib-cm4f.lib : gpio.obj (.text:GPIOPadConfigSet)
                  00003ab8    000000c4     uart.obj (.text)
                  00003b7c    000000be     rtsv7M4_T_le_v4SPD16_eabi.lib : xdnorm.obj (.text)
                  00003c3a    00000002     --HOLE-- [fill = 0]
                  00003c3c    000000bc                                   : atan.obj (.text)
                  00003cf8    0000009c                                   : memcpy_t2.obj (.text)
                  00003d94    00000094                                   : auto_init.obj (.text)
                  00003e28    0000007e                                   : fd_cmp_t2.obj (.text)
                  00003ea6    00000002     --HOLE-- [fill = 0]
                  00003ea8    00000078     driverlib-cm4f.lib : gpio.obj (.text:GPIOPinTypeI2CSCL)
                  00003f20    00000064                        : interrupt.obj (.text:IntEnable)
                  00003f84    00000064     rtsv7M4_T_le_v4SPD16_eabi.lib : xdunscal.obj (.text)
                  00003fe8    0000005e                                   : copy_decompress_rle.obj (.text)
                  00004046    00000002     --HOLE-- [fill = 0]
                  00004048    00000058     driverlib-cm4f.lib : sysctl.obj (.text:SysCtlPeripheralEnable)
                  000040a0    0000004c                        : i2c.obj (.text:I2CMasterInitExpClk)
                  000040ec    0000004a     rtsv7M4_T_le_v4SPD16_eabi.lib : fd_tos_t2.obj (.text)
                  00004136    00000002     --HOLE-- [fill = 0]
                  00004138    00000048     driverlib-cm4f.lib : gpio.obj (.text:GPIOPinConfigure)
                  00004180    00000048     rtsv7M4_T_le_v4SPD16_eabi.lib : boot.obj (.text)
                  000041c8    00000048                                   : fd_toi_t2.obj (.text)
                  00004210    00000044     driverlib-cm4f.lib : gpio.obj (.text:GPIOIntTypeSet)
                  00004254    00000044     rtsv7M4_T_le_v4SPD16_eabi.lib : cpy_tbl.obj (.text)
                  00004298    00000044                                   : xdtest.obj (.text)
                  000042dc    00000040                                   : exit.obj (.text)
                  0000431c    00000040                                   : signal.obj (.text)
                  0000435c    00000038                                   : fs_tod_t2.obj (.text)
                  00004394    00000030                                   : feraiseexcept.obj (.text)
                  000043c4    00000030                                   : xferaise.obj (.text)
                  000043f4    0000002e     driverlib-cm4f.lib : gpio.obj (.text:GPIODirModeSet)
                  00004422    0000002e     rtsv7M4_T_le_v4SPD16_eabi.lib : i_tofd_t2.obj (.text)
                  00004450    0000002e                                   : raise.obj (.text)
                  0000447e    00000002     --HOLE-- [fill = 0]
                  00004480    00000028     driverlib-cm4f.lib : timer.obj (.text:TimerConfigure)
                  000044a8    00000024                        : interrupt.obj (.text:IntPrioritySet)
                  000044cc    0000001a     rtsv7M4_T_le_v4SPD16_eabi.lib : cos.obj (.text)
                  000044e6    0000001a                                   : sin.obj (.text)
                  00004500    00000018     driverlib-cm4f.lib : timer.obj (.text:TimerControlLevel)
                  00004518    00000018     rtsv7M4_T_le_v4SPD16_eabi.lib : args_main.obj (.text)
                  00004530    00000016     driverlib-cm4f.lib : i2c.obj (.text:I2CMasterErr)
                  00004546    00000002     --HOLE-- [fill = 0]
                  00004548    00000014                        : systick.obj (.text:SysTickEnable)
                  0000455c    00000014                        : systick.obj (.text:SysTickIntEnable)
                  00004570    00000014     rtsv7M4_T_le_v4SPD16_eabi.lib : _lock.obj (.text)
                  00004584    00000012     driverlib-cm4f.lib : gpio.obj (.text:GPIOPinTypeGPIOInput)
                  00004596    00000012                        : gpio.obj (.text:GPIOPinTypeGPIOOutput)
                  000045a8    00000012                        : gpio.obj (.text:GPIOPinTypeI2C)
                  000045ba    00000012                        : gpio.obj (.text:GPIOPinTypeTimer)
                  000045cc    00000012                        : timer.obj (.text:TimerLoadSet)
                  000045de    00000012                        : timer.obj (.text:TimerMatchSet)
                  000045f0    00000012                        : timer.obj (.text:TimerPrescaleMatchSet)
                  00004602    00000012                        : timer.obj (.text:TimerPrescaleSet)
                  00004614    00000012     rtsv7M4_T_le_v4SPD16_eabi.lib : copy_zero_init.obj (.text:decompress:ZI)
                  00004626    00000002     --HOLE-- [fill = 0]
                  00004628    00000010     driverlib-cm4f.lib : fpu.obj (.text:FPUEnable)
                  00004638    00000010                        : fpu.obj (.text:FPULazyStackingEnable)
                  00004648    00000010                        : systick.obj (.text:SysTickPeriodSet)
                  00004658    00000010                        : uart.obj (.text:UARTCharGetNonBlocking)
                  00004668    0000000e                        : timer.obj (.text:TimerEnable)
                  00004676    0000000e     rtsv7M4_T_le_v4SPD16_eabi.lib : copy_decompress_none.obj (.text:decompress:none)
                  00004684    0000000c     driverlib-cm4f.lib : cpu.obj (.text:CPUcpsie)
                  00004690    0000000c                        : gpio.obj (.text:GPIOPinIntEnable)
                  0000469c    0000000c                        : timer.obj (.text:TimerValueGet)
                  000046a8    0000000c     startup_ccs.obj (.text)
                  000046b4    0000000a     driverlib-cm4f.lib : gpio.obj (.text:GPIOPinRead)
                  000046be    0000000a                        : gpio.obj (.text:GPIOPinWrite)
                  000046c8    0000000a                        : i2c.obj (.text:I2CMasterEnable)
                  000046d2    0000000a                        : interrupt.obj (.text:IntMasterEnable)
                  000046dc    0000000a                        : uart.obj (.text:UARTIntStatus)
                  000046e6    00000008                        : i2c.obj (.text:I2CMasterBusy)
                  000046ee    00000008                        : i2c.obj (.text:I2CMasterSlaveAddrSet)
                  000046f6    00000006                        : gpio.obj (.text:GPIOPinIntClear)
                  000046fc    00000006                        : sysctl.obj (.text:SysCtlDelay)
                  00004702    00000006     rtsv7M4_T_le_v4SPD16_eabi.lib : copy_decompress_rle.obj (.text:decompress:rle24)
                  00004708    00000004     driverlib-cm4f.lib : i2c.obj (.text:I2CMasterControl)
                  0000470c    00000004                        : i2c.obj (.text:I2CMasterDataGet)
                  00004710    00000004                        : i2c.obj (.text:I2CMasterDataPut)
                  00004714    00000004                        : uart.obj (.text:UARTIntClear)

.const     0    00004718    00000390     
                  00004718    0000009c     driverlib-cm4f.lib : interrupt.obj (.const:g_pulRegs)
                  000047b4    00000004     --HOLE-- [fill = 0]
                  000047b8    00000088     rtsv7M4_T_le_v4SPD16_eabi.lib : xatan.obj (.const)
                  00004840    00000080                                   : xsin.obj (.const)
                  000048c0    00000078     driverlib-cm4f.lib : gpio.obj (.const:g_pulGPIOBaseAddrs)
                  00004938    00000070                        : interrupt.obj (.const)
                  000049a8    0000006c                        : sysctl.obj (.const:g_pulXtals)
                  00004a14    00000004     --HOLE-- [fill = 0]
                  00004a18    00000050     rtsv7M4_T_le_v4SPD16_eabi.lib : tan.obj (.const)
                  00004a68    00000040     driverlib-cm4f.lib : sysctl.obj (.const)

.cinit     0    00004aa8    000000a0     
                  00004aa8    00000077     (.cinit..data.load) [load image, compression = rle]
                  00004b1f    00000001     --HOLE-- [fill = 0]
                  00004b20    0000000c     (__TI_handler_table)
                  00004b2c    00000004     --HOLE-- [fill = 0]
                  00004b30    00000008     (.cinit..bss.load) [load image, compression = zero_init]
                  00004b38    00000010     (__TI_cinit_table)

.stack     0    20000000    00001000     UNINITIALIZED
                  20000000    00001000     --HOLE--

.data      0    20001000    0000022c     
                  20001000    000000dc     main.obj (.data)
                  200010dc    000000b0     rtsv7M4_T_le_v4SPD16_eabi.lib : signal.obj (.data:sigtable)
                  2000118c    00000004                                   : errno.obj (.data)
                  20001190    00000080                                   : xvalues.obj (.data)
                  20001210    00000008                                   : _lock.obj (.data)
                  20001218    00000008                                   : exit.obj (.data)
                  20001220    00000008                                   : feraiseexcept.obj (.data)
                  20001228    00000004                                   : stkdepth_vars.obj (.data)

.bss       0    2000122c    00000108     UNINITIALIZED
                  2000122c    00000095     main.obj (.bss)
                  200012c1    00000003     --HOLE--
                  200012c4    00000070     main.obj (.bss:kokopter)


LINKER GENERATED COPY TABLES

__TI_cinit_table @ 00004b38 records: 2, size/record: 8, table size: 16
	.data: load addr=00004aa8, load size=00000077 bytes, run addr=20001000, run size=0000022c bytes, compression=rle
	.bss: load addr=00004b30, load size=00000008 bytes, run addr=2000122c, run size=00000108 bytes, compression=zero_init


LINKER GENERATED HANDLER TABLE

__TI_handler_table @ 00004b20 records: 3, size/record: 4, table size: 12
	index: 0, handler: __TI_decompress_rle24
	index: 1, handler: __TI_decompress_none
	index: 2, handler: __TI_zero_init


GLOBAL SYMBOLS: SORTED ALPHABETICALLY BY Name 

address    name
--------   ----
000042dd   C$$EXIT
00004685   CPUcpsie
00004629   FPUEnable
00004639   FPULazyStackingEnable
000043f5   GPIODirModeSet
00004211   GPIOIntTypeSet
000039f1   GPIOPadConfigSet
00004139   GPIOPinConfigure
000046f7   GPIOPinIntClear
00004691   GPIOPinIntEnable
000046b5   GPIOPinRead
00004585   GPIOPinTypeGPIOInput
00004597   GPIOPinTypeGPIOOutput
000045a9   GPIOPinTypeI2C
00003ea9   GPIOPinTypeI2CSCL
000045bb   GPIOPinTypeTimer
000046bf   GPIOPinWrite
000046e7   I2CMasterBusy
00004709   I2CMasterControl
0000470d   I2CMasterDataGet
00004711   I2CMasterDataPut
000046c9   I2CMasterEnable
00004531   I2CMasterErr
000040a1   I2CMasterInitExpClk
000046ef   I2CMasterSlaveAddrSet
20001000   I_term_pitch
20001028   I_term_pitch_rate
20001004   I_term_roll
2000102c   I_term_roll_rate
00003f21   IntEnable
000046d3   IntMasterEnable
000044a9   IntPrioritySet
20001058   PID_output_max
2000105c   PID_output_rate_max
000046a9   ResetISR
UNDEFED    SHT$$INIT_ARRAY$$Base
UNDEFED    SHT$$INIT_ARRAY$$Limit
00002ac1   SysCtlClockGet
00003455   SysCtlClockSet
000046fd   SysCtlDelay
00004049   SysCtlPeripheralEnable
00004549   SysTickEnable
0000455d   SysTickIntEnable
00004649   SysTickPeriodSet
000006e5   Systick_handler
00004481   TimerConfigure
00004501   TimerControlLevel
00004669   TimerEnable
000045cd   TimerLoadSet
000045df   TimerMatchSet
000045f1   TimerPrescaleMatchSet
00004603   TimerPrescaleSet
0000469d   TimerValueGet
00003ab9   UART0IntHandler
00003b05   UART1IntHandler
00004659   UARTCharGetNonBlocking
00004715   UARTIntClear
000046dd   UARTIntStatus
00003b3d   UARTSend
00003005   _Atan
20001190   _Denorm
00003b7d   _Dnorm
000037f1   _Dscale
00004299   _Dtest
00003f85   _Dunscale
200011a0   _Eps
2000118c   _Errno
20001220   _Fenv
000043c5   _Feraise
200011b0   _Hugeval
200011c0   _Inf
200011d0   _Nan
200011f0   _Rteps
000025b5   _Sin
200011e0   _Snan
20001224   _Tls_setup__Fenv
20001200   _Xbig
20001208   _Zero
20001000   __STACK_END
00001000   __STACK_SIZE
20000100   __STACK_TOP
00004b38   __TI_CINIT_Base
00004b48   __TI_CINIT_Limit
00004b20   __TI_Handler_Table_Base
00004b2c   __TI_Handler_Table_Limit
00000001   __TI_args_main
00003d95   __TI_auto_init
00004677   __TI_decompress_none
00004703   __TI_decompress_rle24
00000000   __TI_static_base__
00004615   __TI_zero_init
00003e29   __aeabi_cdcmpeq
00003e29   __aeabi_cdcmple
000040ed   __aeabi_d2f
000041c9   __aeabi_d2iz
00002ca3   __aeabi_dadd
00003591   __aeabi_ddiv
000038f5   __aeabi_dmul
00002c99   __aeabi_dsub
0000435d   __aeabi_f2d
00004423   __aeabi_i2d
00003cf9   __aeabi_memcpy
00003cf9   __aeabi_memcpy4
00003cf9   __aeabi_memcpy8
ffffffff   __binit__
ffffffff   __c_args__
20000000   __stack
00004519   _args_main
00004181   _c_int00
20001218   _cleanup_ptr
2000121c   _dtors_ptr
20001210   _lock
0000457f   _nop
00004577   _register_lock
00004571   _register_unlock
20001214   _unlock
000042e1   abort
2000124c   acc_angle
20001258   acc_angle_filtered
20001088   acc_angles_offset
20001264   acc_g
20001270   acc_g_filtered
20001074   acc_g_last
00001821   acc_get_angles
00001799   acc_get_g_filtered
000016db   acc_get_g_raw
20001080   acc_offset
200010b4   angles
200010c0   angles_LP
000036c9   asin
00003c3d   atan
ffffffff   binit
20001064   buff_id
200012b8   buffer
20001068   button1_pressed
2000106c   button1_time1
00001c77   calibrate_gyro
00001d41   calibrate_mag
20001244   command
00004255   copy_in
000044cd   cos
20001008   d_input_pitch
20001030   d_input_pitch_rate
2000100c   d_input_roll
20001034   d_input_roll_rate
20001018   err_sum_pitch
2000101c   err_sum_roll
2000122c   error_pitch
20001234   error_pitch_rate
20001230   error_roll
20001238   error_roll_rate
000042e9   exit
00004395   feraiseexcept
00003199   fmod
00000000   g_pfnVectors
00001f15   get_angles_mag
20001094   gyro_angles
00001951   gyro_get_rates
200010a0   gyro_offset
2000127c   gyro_rates_body
20001288   gyro_rates_euler
20001294   gyro_rates_filtered
200010b0   gyro_weight
20001048   kd1
20001054   kd2
20001044   ki1
20001050   ki2
20001040   kp1
2000104c   kp2
200010cc   last_angles
20001010   last_input_pitch
20001038   last_input_pitch_rate
20001014   last_input_roll
2000103c   last_input_roll_rate
200012ac   mag_angles
200012a0   mag_gain
200010a6   mag_offset
000012a5   main
20001228   main_func_sp
00003cf9   memcpy
0000037b   process_command
000004ed   radio_interrupt_handler
20001060   radio_thrust_prev
00004451   raise
00001687   read_acc
00002f05   read_from_I2C
000016a3   read_gyro
000016bf   read_mag
00001685   read_sensors
200010ac   sample_rate
0000026d   set_PID_constants
0000032f   set_motor_speed
20001024   set_point_pitch
20001020   set_point_roll
00002485   set_pwm_duty_cycle
000022a5   set_timer_pwm
00002e51   setup_I2C
0000431d   signal
000044e7   sin
00003301   sqrt
00002869   tan
200010d8   tilt_roll_beta
20001070   total
000019fd   transform_angular_rates
00002e8d   write_to_I2C


GLOBAL SYMBOLS: SORTED BY Symbol Address 

address    name
--------   ----
00000000   __TI_static_base__
00000000   g_pfnVectors
00000001   __TI_args_main
0000026d   set_PID_constants
0000032f   set_motor_speed
0000037b   process_command
000004ed   radio_interrupt_handler
000006e5   Systick_handler
00001000   __STACK_SIZE
000012a5   main
00001685   read_sensors
00001687   read_acc
000016a3   read_gyro
000016bf   read_mag
000016db   acc_get_g_raw
00001799   acc_get_g_filtered
00001821   acc_get_angles
00001951   gyro_get_rates
000019fd   transform_angular_rates
00001c77   calibrate_gyro
00001d41   calibrate_mag
00001f15   get_angles_mag
000022a5   set_timer_pwm
00002485   set_pwm_duty_cycle
000025b5   _Sin
00002869   tan
00002ac1   SysCtlClockGet
00002c99   __aeabi_dsub
00002ca3   __aeabi_dadd
00002e51   setup_I2C
00002e8d   write_to_I2C
00002f05   read_from_I2C
00003005   _Atan
00003199   fmod
00003301   sqrt
00003455   SysCtlClockSet
00003591   __aeabi_ddiv
000036c9   asin
000037f1   _Dscale
000038f5   __aeabi_dmul
000039f1   GPIOPadConfigSet
00003ab9   UART0IntHandler
00003b05   UART1IntHandler
00003b3d   UARTSend
00003b7d   _Dnorm
00003c3d   atan
00003cf9   __aeabi_memcpy
00003cf9   __aeabi_memcpy4
00003cf9   __aeabi_memcpy8
00003cf9   memcpy
00003d95   __TI_auto_init
00003e29   __aeabi_cdcmpeq
00003e29   __aeabi_cdcmple
00003ea9   GPIOPinTypeI2CSCL
00003f21   IntEnable
00003f85   _Dunscale
00004049   SysCtlPeripheralEnable
000040a1   I2CMasterInitExpClk
000040ed   __aeabi_d2f
00004139   GPIOPinConfigure
00004181   _c_int00
000041c9   __aeabi_d2iz
00004211   GPIOIntTypeSet
00004255   copy_in
00004299   _Dtest
000042dd   C$$EXIT
000042e1   abort
000042e9   exit
0000431d   signal
0000435d   __aeabi_f2d
00004395   feraiseexcept
000043c5   _Feraise
000043f5   GPIODirModeSet
00004423   __aeabi_i2d
00004451   raise
00004481   TimerConfigure
000044a9   IntPrioritySet
000044cd   cos
000044e7   sin
00004501   TimerControlLevel
00004519   _args_main
00004531   I2CMasterErr
00004549   SysTickEnable
0000455d   SysTickIntEnable
00004571   _register_unlock
00004577   _register_lock
0000457f   _nop
00004585   GPIOPinTypeGPIOInput
00004597   GPIOPinTypeGPIOOutput
000045a9   GPIOPinTypeI2C
000045bb   GPIOPinTypeTimer
000045cd   TimerLoadSet
000045df   TimerMatchSet
000045f1   TimerPrescaleMatchSet
00004603   TimerPrescaleSet
00004615   __TI_zero_init
00004629   FPUEnable
00004639   FPULazyStackingEnable
00004649   SysTickPeriodSet
00004659   UARTCharGetNonBlocking
00004669   TimerEnable
00004677   __TI_decompress_none
00004685   CPUcpsie
00004691   GPIOPinIntEnable
0000469d   TimerValueGet
000046a9   ResetISR
000046b5   GPIOPinRead
000046bf   GPIOPinWrite
000046c9   I2CMasterEnable
000046d3   IntMasterEnable
000046dd   UARTIntStatus
000046e7   I2CMasterBusy
000046ef   I2CMasterSlaveAddrSet
000046f7   GPIOPinIntClear
000046fd   SysCtlDelay
00004703   __TI_decompress_rle24
00004709   I2CMasterControl
0000470d   I2CMasterDataGet
00004711   I2CMasterDataPut
00004715   UARTIntClear
00004b20   __TI_Handler_Table_Base
00004b2c   __TI_Handler_Table_Limit
00004b38   __TI_CINIT_Base
00004b48   __TI_CINIT_Limit
20000000   __stack
20000100   __STACK_TOP
20001000   I_term_pitch
20001000   __STACK_END
20001004   I_term_roll
20001008   d_input_pitch
2000100c   d_input_roll
20001010   last_input_pitch
20001014   last_input_roll
20001018   err_sum_pitch
2000101c   err_sum_roll
20001020   set_point_roll
20001024   set_point_pitch
20001028   I_term_pitch_rate
2000102c   I_term_roll_rate
20001030   d_input_pitch_rate
20001034   d_input_roll_rate
20001038   last_input_pitch_rate
2000103c   last_input_roll_rate
20001040   kp1
20001044   ki1
20001048   kd1
2000104c   kp2
20001050   ki2
20001054   kd2
20001058   PID_output_max
2000105c   PID_output_rate_max
20001060   radio_thrust_prev
20001064   buff_id
20001068   button1_pressed
2000106c   button1_time1
20001070   total
20001074   acc_g_last
20001080   acc_offset
20001088   acc_angles_offset
20001094   gyro_angles
200010a0   gyro_offset
200010a6   mag_offset
200010ac   sample_rate
200010b0   gyro_weight
200010b4   angles
200010c0   angles_LP
200010cc   last_angles
200010d8   tilt_roll_beta
2000118c   _Errno
20001190   _Denorm
200011a0   _Eps
200011b0   _Hugeval
200011c0   _Inf
200011d0   _Nan
200011e0   _Snan
200011f0   _Rteps
20001200   _Xbig
20001208   _Zero
20001210   _lock
20001214   _unlock
20001218   _cleanup_ptr
2000121c   _dtors_ptr
20001220   _Fenv
20001224   _Tls_setup__Fenv
20001228   main_func_sp
2000122c   error_pitch
20001230   error_roll
20001234   error_pitch_rate
20001238   error_roll_rate
20001244   command
2000124c   acc_angle
20001258   acc_angle_filtered
20001264   acc_g
20001270   acc_g_filtered
2000127c   gyro_rates_body
20001288   gyro_rates_euler
20001294   gyro_rates_filtered
200012a0   mag_gain
200012ac   mag_angles
200012b8   buffer
ffffffff   __binit__
ffffffff   __c_args__
ffffffff   binit
UNDEFED    SHT$$INIT_ARRAY$$Base
UNDEFED    SHT$$INIT_ARRAY$$Limit

[205 symbols]
