******************************************************************************
                  TI ARM Linker PC v5.0.1                      
******************************************************************************
>> Linked Thu Nov 28 21:23:33 2013

OUTPUT FILE NAME:   <kokopter.out>
ENTRY POINT SYMBOL: "_c_int00"  address: 00003e59


MEMORY CONFIGURATION

         name            origin    length      used     unused   attr    fill
----------------------  --------  ---------  --------  --------  ----  --------
  FLASH                 00000000   00040000  00004828  0003b7d8  R  X
  SRAM                  20000000   00008000  000012ec  00006d14  RW X


SEGMENT ALLOCATION MAP

run origin  load origin   length   init length attrs members
----------  ----------- ---------- ----------- ----- -------
00000000    00000000    00004828   00004828    r-x
  00000000    00000000    0000026c   0000026c    r-- .intvecs
  0000026c    0000026c    00004184   00004184    r-x .text
  000043f0    000043f0    00000390   00000390    r-- .const
  00004780    00004780    000000a8   000000a8    r-- .cinit
20000000    20000000    00001000   00000000    rw-
  20000000    20000000    00001000   00000000    rw- .stack
20001000    20001000    000002ec   00000210    rw-
  20001000    20001000    00000210   00000210    rw- .data
  20001210    20001210    000000dc   00000000    rw- .bss


SECTION ALLOCATION MAP

 output                                  attributes/
section   page    origin      length       input sections
--------  ----  ----------  ----------   ----------------
.intvecs   0    00000000    0000026c     
                  00000000    0000026c     startup_ccs.obj (.intvecs)

.text      0    0000026c    00004184     
                  0000026c    00001140     main.obj (.text)
                  000013ac    00000bd4     imu.obj (.text)
                  00001f80    00000310     pwm.obj (.text)
                  00002290    000002b4     rtsv7M4_T_le_v4SPD16_eabi.lib : xsin.obj (.text)
                  00002544    00000258                                   : tan.obj (.text)
                  0000279c    000001d8     driverlib-cm4f.lib : sysctl.obj (.text:SysCtlClockGet)
                  00002974    000001b6     rtsv7M4_T_le_v4SPD16_eabi.lib : fd_add_t2.obj (.text)
                  00002b2a    00000002     --HOLE-- [fill = 0]
                  00002b2c    000001b4     I2C.obj (.text)
                  00002ce0    00000194     rtsv7M4_T_le_v4SPD16_eabi.lib : xatan.obj (.text)
                  00002e74    00000168                                   : fmod.obj (.text)
                  00002fdc    00000154                                   : sqrt.obj (.text)
                  00003130    0000013c     driverlib-cm4f.lib : sysctl.obj (.text:SysCtlClockSet)
                  0000326c    00000136     rtsv7M4_T_le_v4SPD16_eabi.lib : fd_div_t2.obj (.text)
                  000033a2    00000002     --HOLE-- [fill = 0]
                  000033a4    00000124                                   : acos.obj (.text)
                  000034c8    00000104                                   : xdscale.obj (.text)
                  000035cc    000000fc                                   : fd_mul_t2.obj (.text)
                  000036c8    000000c8     driverlib-cm4f.lib : gpio.obj (.text:GPIOPadConfigSet)
                  00003790    000000c4     uart.obj (.text)
                  00003854    000000be     rtsv7M4_T_le_v4SPD16_eabi.lib : xdnorm.obj (.text)
                  00003912    00000002     --HOLE-- [fill = 0]
                  00003914    000000bc                                   : atan.obj (.text)
                  000039d0    0000009c                                   : memcpy_t2.obj (.text)
                  00003a6c    00000094                                   : auto_init.obj (.text)
                  00003b00    0000007e                                   : fd_cmp_t2.obj (.text)
                  00003b7e    00000002     --HOLE-- [fill = 0]
                  00003b80    00000078     driverlib-cm4f.lib : gpio.obj (.text:GPIOPinTypeI2CSCL)
                  00003bf8    00000064                        : interrupt.obj (.text:IntEnable)
                  00003c5c    00000064     rtsv7M4_T_le_v4SPD16_eabi.lib : xdunscal.obj (.text)
                  00003cc0    0000005e                                   : copy_decompress_rle.obj (.text)
                  00003d1e    00000002     --HOLE-- [fill = 0]
                  00003d20    00000058     driverlib-cm4f.lib : sysctl.obj (.text:SysCtlPeripheralEnable)
                  00003d78    0000004c                        : i2c.obj (.text:I2CMasterInitExpClk)
                  00003dc4    0000004a     rtsv7M4_T_le_v4SPD16_eabi.lib : fd_tos_t2.obj (.text)
                  00003e0e    00000002     --HOLE-- [fill = 0]
                  00003e10    00000048     driverlib-cm4f.lib : gpio.obj (.text:GPIOPinConfigure)
                  00003e58    00000048     rtsv7M4_T_le_v4SPD16_eabi.lib : boot.obj (.text)
                  00003ea0    00000048                                   : fd_toi_t2.obj (.text)
                  00003ee8    00000044     driverlib-cm4f.lib : gpio.obj (.text:GPIOIntTypeSet)
                  00003f2c    00000044     rtsv7M4_T_le_v4SPD16_eabi.lib : cpy_tbl.obj (.text)
                  00003f70    00000044                                   : xdtest.obj (.text)
                  00003fb4    00000040                                   : exit.obj (.text)
                  00003ff4    00000040                                   : signal.obj (.text)
                  00004034    00000038                                   : fs_tod_t2.obj (.text)
                  0000406c    00000030                                   : feraiseexcept.obj (.text)
                  0000409c    00000030                                   : xferaise.obj (.text)
                  000040cc    0000002e     driverlib-cm4f.lib : gpio.obj (.text:GPIODirModeSet)
                  000040fa    0000002e     rtsv7M4_T_le_v4SPD16_eabi.lib : i_tofd_t2.obj (.text)
                  00004128    0000002e                                   : raise.obj (.text)
                  00004156    00000002     --HOLE-- [fill = 0]
                  00004158    00000028     driverlib-cm4f.lib : timer.obj (.text:TimerConfigure)
                  00004180    00000024                        : interrupt.obj (.text:IntPrioritySet)
                  000041a4    0000001a     rtsv7M4_T_le_v4SPD16_eabi.lib : cos.obj (.text)
                  000041be    0000001a                                   : sin.obj (.text)
                  000041d8    00000018     driverlib-cm4f.lib : timer.obj (.text:TimerControlLevel)
                  000041f0    00000018     rtsv7M4_T_le_v4SPD16_eabi.lib : args_main.obj (.text)
                  00004208    00000016     driverlib-cm4f.lib : i2c.obj (.text:I2CMasterErr)
                  0000421e    00000002     --HOLE-- [fill = 0]
                  00004220    00000014                        : systick.obj (.text:SysTickEnable)
                  00004234    00000014                        : systick.obj (.text:SysTickIntEnable)
                  00004248    00000014     rtsv7M4_T_le_v4SPD16_eabi.lib : _lock.obj (.text)
                  0000425c    00000012     driverlib-cm4f.lib : gpio.obj (.text:GPIOPinTypeGPIOInput)
                  0000426e    00000012                        : gpio.obj (.text:GPIOPinTypeGPIOOutput)
                  00004280    00000012                        : gpio.obj (.text:GPIOPinTypeI2C)
                  00004292    00000012                        : gpio.obj (.text:GPIOPinTypeTimer)
                  000042a4    00000012                        : timer.obj (.text:TimerLoadSet)
                  000042b6    00000012                        : timer.obj (.text:TimerMatchSet)
                  000042c8    00000012                        : timer.obj (.text:TimerPrescaleMatchSet)
                  000042da    00000012                        : timer.obj (.text:TimerPrescaleSet)
                  000042ec    00000012     rtsv7M4_T_le_v4SPD16_eabi.lib : copy_zero_init.obj (.text:decompress:ZI)
                  000042fe    00000002     --HOLE-- [fill = 0]
                  00004300    00000010     driverlib-cm4f.lib : fpu.obj (.text:FPUEnable)
                  00004310    00000010                        : fpu.obj (.text:FPULazyStackingEnable)
                  00004320    00000010                        : systick.obj (.text:SysTickPeriodSet)
                  00004330    00000010                        : uart.obj (.text:UARTCharGetNonBlocking)
                  00004340    0000000e                        : timer.obj (.text:TimerEnable)
                  0000434e    0000000e     rtsv7M4_T_le_v4SPD16_eabi.lib : copy_decompress_none.obj (.text:decompress:none)
                  0000435c    0000000c     driverlib-cm4f.lib : cpu.obj (.text:CPUcpsie)
                  00004368    0000000c                        : gpio.obj (.text:GPIOPinIntEnable)
                  00004374    0000000c                        : timer.obj (.text:TimerValueGet)
                  00004380    0000000c     startup_ccs.obj (.text)
                  0000438c    0000000a     driverlib-cm4f.lib : gpio.obj (.text:GPIOPinRead)
                  00004396    0000000a                        : gpio.obj (.text:GPIOPinWrite)
                  000043a0    0000000a                        : i2c.obj (.text:I2CMasterEnable)
                  000043aa    0000000a                        : interrupt.obj (.text:IntMasterEnable)
                  000043b4    0000000a                        : uart.obj (.text:UARTIntStatus)
                  000043be    00000008                        : i2c.obj (.text:I2CMasterBusy)
                  000043c6    00000008                        : i2c.obj (.text:I2CMasterSlaveAddrSet)
                  000043ce    00000006                        : gpio.obj (.text:GPIOPinIntClear)
                  000043d4    00000006                        : sysctl.obj (.text:SysCtlDelay)
                  000043da    00000006     rtsv7M4_T_le_v4SPD16_eabi.lib : copy_decompress_rle.obj (.text:decompress:rle24)
                  000043e0    00000004     driverlib-cm4f.lib : i2c.obj (.text:I2CMasterControl)
                  000043e4    00000004                        : i2c.obj (.text:I2CMasterDataGet)
                  000043e8    00000004                        : i2c.obj (.text:I2CMasterDataPut)
                  000043ec    00000004                        : uart.obj (.text:UARTIntClear)

.const     0    000043f0    00000390     
                  000043f0    0000009c     driverlib-cm4f.lib : interrupt.obj (.const:g_pulRegs)
                  0000448c    00000004     --HOLE-- [fill = 0]
                  00004490    00000088     rtsv7M4_T_le_v4SPD16_eabi.lib : xatan.obj (.const)
                  00004518    00000080                                   : xsin.obj (.const)
                  00004598    00000078     driverlib-cm4f.lib : gpio.obj (.const:g_pulGPIOBaseAddrs)
                  00004610    00000070                        : interrupt.obj (.const)
                  00004680    0000006c                        : sysctl.obj (.const:g_pulXtals)
                  000046ec    00000004     --HOLE-- [fill = 0]
                  000046f0    00000050     rtsv7M4_T_le_v4SPD16_eabi.lib : tan.obj (.const)
                  00004740    00000040     driverlib-cm4f.lib : sysctl.obj (.const)

.cinit     0    00004780    000000a8     
                  00004780    0000007f     (.cinit..data.load) [load image, compression = rle]
                  000047ff    00000001     --HOLE-- [fill = 0]
                  00004800    0000000c     (__TI_handler_table)
                  0000480c    00000004     --HOLE-- [fill = 0]
                  00004810    00000008     (.cinit..bss.load) [load image, compression = zero_init]
                  00004818    00000010     (__TI_cinit_table)

.stack     0    20000000    00001000     UNINITIALIZED
                  20000000    00001000     --HOLE--

.data      0    20001000    00000210     
                  20001000    000000c0     main.obj (.data)
                  200010c0    000000b0     rtsv7M4_T_le_v4SPD16_eabi.lib : signal.obj (.data:sigtable)
                  20001170    00000080                                   : xvalues.obj (.data)
                  200011f0    00000008                                   : _lock.obj (.data)
                  200011f8    00000008                                   : exit.obj (.data)
                  20001200    00000008                                   : feraiseexcept.obj (.data)
                  20001208    00000004                                   : errno.obj (.data)
                  2000120c    00000004                                   : stkdepth_vars.obj (.data)

.bss       0    20001210    000000dc     UNINITIALIZED
                  20001210    00000075     main.obj (.bss)
                  20001285    00000003     --HOLE--
                  20001288    00000064     main.obj (.bss:kokopter)


LINKER GENERATED COPY TABLES

__TI_cinit_table @ 00004818 records: 2, size/record: 8, table size: 16
	.data: load addr=00004780, load size=0000007f bytes, run addr=20001000, run size=00000210 bytes, compression=rle
	.bss: load addr=00004810, load size=00000008 bytes, run addr=20001210, run size=000000dc bytes, compression=zero_init


LINKER GENERATED HANDLER TABLE

__TI_handler_table @ 00004800 records: 3, size/record: 4, table size: 12
	index: 0, handler: __TI_decompress_rle24
	index: 1, handler: __TI_decompress_none
	index: 2, handler: __TI_zero_init


GLOBAL SYMBOLS: SORTED ALPHABETICALLY BY Name 

address    name
--------   ----
00003fb5   C$$EXIT
0000435d   CPUcpsie
00004301   FPUEnable
00004311   FPULazyStackingEnable
000040cd   GPIODirModeSet
00003ee9   GPIOIntTypeSet
000036c9   GPIOPadConfigSet
00003e11   GPIOPinConfigure
000043cf   GPIOPinIntClear
00004369   GPIOPinIntEnable
0000438d   GPIOPinRead
0000425d   GPIOPinTypeGPIOInput
0000426f   GPIOPinTypeGPIOOutput
00004281   GPIOPinTypeI2C
00003b81   GPIOPinTypeI2CSCL
00004293   GPIOPinTypeTimer
00004397   GPIOPinWrite
000043bf   I2CMasterBusy
000043e1   I2CMasterControl
000043e5   I2CMasterDataGet
000043e9   I2CMasterDataPut
000043a1   I2CMasterEnable
00004209   I2CMasterErr
00003d79   I2CMasterInitExpClk
000043c7   I2CMasterSlaveAddrSet
20001018   I_term_pitch
2000101c   I_term_roll
00003bf9   IntEnable
000043ab   IntMasterEnable
00004181   IntPrioritySet
20001038   PID_output_max
00004381   ResetISR
UNDEFED    SHT$$INIT_ARRAY$$Base
UNDEFED    SHT$$INIT_ARRAY$$Limit
0000279d   SysCtlClockGet
00003131   SysCtlClockSet
000043d5   SysCtlDelay
00003d21   SysCtlPeripheralEnable
00004221   SysTickEnable
00004235   SysTickIntEnable
00004321   SysTickPeriodSet
00000631   Systick_handler
00004159   TimerConfigure
000041d9   TimerControlLevel
00004341   TimerEnable
000042a5   TimerLoadSet
000042b7   TimerMatchSet
000042c9   TimerPrescaleMatchSet
000042db   TimerPrescaleSet
00004375   TimerValueGet
00003791   UART0IntHandler
000037dd   UART1IntHandler
00004331   UARTCharGetNonBlocking
000043ed   UARTIntClear
000043b5   UARTIntStatus
00003815   UARTSend
00002ce1   _Atan
20001170   _Denorm
00003855   _Dnorm
000034c9   _Dscale
00003f71   _Dtest
00003c5d   _Dunscale
20001180   _Eps
20001208   _Errno
20001200   _Fenv
0000409d   _Feraise
20001190   _Hugeval
200011a0   _Inf
200011b0   _Nan
200011d0   _Rteps
00002291   _Sin
200011c0   _Snan
20001204   _Tls_setup__Fenv
200011e0   _Xbig
200011e8   _Zero
20001000   __STACK_END
00001000   __STACK_SIZE
20000100   __STACK_TOP
00004818   __TI_CINIT_Base
00004828   __TI_CINIT_Limit
00004800   __TI_Handler_Table_Base
0000480c   __TI_Handler_Table_Limit
00000001   __TI_args_main
00003a6d   __TI_auto_init
0000434f   __TI_decompress_none
000043db   __TI_decompress_rle24
00000000   __TI_static_base__
000042ed   __TI_zero_init
00003b01   __aeabi_cdcmpeq
00003b01   __aeabi_cdcmple
00003dc5   __aeabi_d2f
00003ea1   __aeabi_d2iz
0000297f   __aeabi_dadd
0000326d   __aeabi_ddiv
000035cd   __aeabi_dmul
00002975   __aeabi_dsub
00004035   __aeabi_f2d
000040fb   __aeabi_i2d
000039d1   __aeabi_memcpy
000039d1   __aeabi_memcpy4
000039d1   __aeabi_memcpy8
ffffffff   __binit__
ffffffff   __c_args__
20000000   __stack
000041f1   _args_main
00003e59   _c_int00
200011f8   _cleanup_ptr
200011fc   _dtors_ptr
200011f0   _lock
00004257   _nop
0000424f   _register_lock
00004249   _register_unlock
200011f4   _unlock
00003fb9   abort
20001220   acc_angle
20001064   acc_angles_offset
2000122c   acc_g
20001238   acc_g_filtered
20001050   acc_g_last
00001549   acc_get_angles
000014c1   acc_get_g_filtered
00001403   acc_get_g_raw
2000105c   acc_offset
000033a5   acos
20001098   angles
200010a4   angles_LP
00003915   atan
ffffffff   binit
20001040   buff_id
2000127c   buffer
20001044   button1_pressed
20001048   button1_time1
0000195d   calibrate_gyro
00001a1d   calibrate_mag
20001218   command
00003f2d   copy_in
000041a5   cos
20001088   d_input_pitch
2000108c   d_input_roll
20001008   err_sum_pitch
20001010   err_sum_roll
20001274   error_pitch
20001278   error_roll
00003fc1   exit
0000406d   feraiseexcept
00002e75   fmod
00000000   g_pfnVectors
00001bf1   get_angles_mag
20001070   gyro_angles
00001631   gyro_get_rates
2000107c   gyro_offset
20001244   gyro_rates
20001250   gyro_rates_filtered
20001094   gyro_weight
20001028   kd1
20001034   kd2
20001024   ki1
20001030   ki2
20001020   kp1
2000102c   kp2
200010b0   last_angles
2000100c   last_input_pitch
20001014   last_input_roll
20001268   mag_angles
2000125c   mag_gain
20001082   mag_offset
00000f31   main
2000120c   main_func_sp
000039d1   memcpy
0000037b   process_command
00000439   radio_interrupt_handler
2000103c   radio_thrust_prev
00004129   raise
000013af   read_acc
00002be1   read_from_I2C
000013cb   read_gyro
000013e7   read_mag
000013ad   read_sensors
20001090   sample_rate
0000026d   set_PID_constants
0000032f   set_motor_speed
20001004   set_point_pitch
20001000   set_point_roll
00002161   set_pwm_duty_cycle
00001f81   set_timer_pwm
00002b2d   setup_I2C
00003ff5   signal
000041bf   sin
00002fdd   sqrt
00002545   tan
200010bc   tilt_roll_beta
2000104c   total
000016e1   transform_gyro_rates
00002b69   write_to_I2C


GLOBAL SYMBOLS: SORTED BY Symbol Address 

address    name
--------   ----
00000000   __TI_static_base__
00000000   g_pfnVectors
00000001   __TI_args_main
0000026d   set_PID_constants
0000032f   set_motor_speed
0000037b   process_command
00000439   radio_interrupt_handler
00000631   Systick_handler
00000f31   main
00001000   __STACK_SIZE
000013ad   read_sensors
000013af   read_acc
000013cb   read_gyro
000013e7   read_mag
00001403   acc_get_g_raw
000014c1   acc_get_g_filtered
00001549   acc_get_angles
00001631   gyro_get_rates
000016e1   transform_gyro_rates
0000195d   calibrate_gyro
00001a1d   calibrate_mag
00001bf1   get_angles_mag
00001f81   set_timer_pwm
00002161   set_pwm_duty_cycle
00002291   _Sin
00002545   tan
0000279d   SysCtlClockGet
00002975   __aeabi_dsub
0000297f   __aeabi_dadd
00002b2d   setup_I2C
00002b69   write_to_I2C
00002be1   read_from_I2C
00002ce1   _Atan
00002e75   fmod
00002fdd   sqrt
00003131   SysCtlClockSet
0000326d   __aeabi_ddiv
000033a5   acos
000034c9   _Dscale
000035cd   __aeabi_dmul
000036c9   GPIOPadConfigSet
00003791   UART0IntHandler
000037dd   UART1IntHandler
00003815   UARTSend
00003855   _Dnorm
00003915   atan
000039d1   __aeabi_memcpy
000039d1   __aeabi_memcpy4
000039d1   __aeabi_memcpy8
000039d1   memcpy
00003a6d   __TI_auto_init
00003b01   __aeabi_cdcmpeq
00003b01   __aeabi_cdcmple
00003b81   GPIOPinTypeI2CSCL
00003bf9   IntEnable
00003c5d   _Dunscale
00003d21   SysCtlPeripheralEnable
00003d79   I2CMasterInitExpClk
00003dc5   __aeabi_d2f
00003e11   GPIOPinConfigure
00003e59   _c_int00
00003ea1   __aeabi_d2iz
00003ee9   GPIOIntTypeSet
00003f2d   copy_in
00003f71   _Dtest
00003fb5   C$$EXIT
00003fb9   abort
00003fc1   exit
00003ff5   signal
00004035   __aeabi_f2d
0000406d   feraiseexcept
0000409d   _Feraise
000040cd   GPIODirModeSet
000040fb   __aeabi_i2d
00004129   raise
00004159   TimerConfigure
00004181   IntPrioritySet
000041a5   cos
000041bf   sin
000041d9   TimerControlLevel
000041f1   _args_main
00004209   I2CMasterErr
00004221   SysTickEnable
00004235   SysTickIntEnable
00004249   _register_unlock
0000424f   _register_lock
00004257   _nop
0000425d   GPIOPinTypeGPIOInput
0000426f   GPIOPinTypeGPIOOutput
00004281   GPIOPinTypeI2C
00004293   GPIOPinTypeTimer
000042a5   TimerLoadSet
000042b7   TimerMatchSet
000042c9   TimerPrescaleMatchSet
000042db   TimerPrescaleSet
000042ed   __TI_zero_init
00004301   FPUEnable
00004311   FPULazyStackingEnable
00004321   SysTickPeriodSet
00004331   UARTCharGetNonBlocking
00004341   TimerEnable
0000434f   __TI_decompress_none
0000435d   CPUcpsie
00004369   GPIOPinIntEnable
00004375   TimerValueGet
00004381   ResetISR
0000438d   GPIOPinRead
00004397   GPIOPinWrite
000043a1   I2CMasterEnable
000043ab   IntMasterEnable
000043b5   UARTIntStatus
000043bf   I2CMasterBusy
000043c7   I2CMasterSlaveAddrSet
000043cf   GPIOPinIntClear
000043d5   SysCtlDelay
000043db   __TI_decompress_rle24
000043e1   I2CMasterControl
000043e5   I2CMasterDataGet
000043e9   I2CMasterDataPut
000043ed   UARTIntClear
00004800   __TI_Handler_Table_Base
0000480c   __TI_Handler_Table_Limit
00004818   __TI_CINIT_Base
00004828   __TI_CINIT_Limit
20000000   __stack
20000100   __STACK_TOP
20001000   __STACK_END
20001000   set_point_roll
20001004   set_point_pitch
20001008   err_sum_pitch
2000100c   last_input_pitch
20001010   err_sum_roll
20001014   last_input_roll
20001018   I_term_pitch
2000101c   I_term_roll
20001020   kp1
20001024   ki1
20001028   kd1
2000102c   kp2
20001030   ki2
20001034   kd2
20001038   PID_output_max
2000103c   radio_thrust_prev
20001040   buff_id
20001044   button1_pressed
20001048   button1_time1
2000104c   total
20001050   acc_g_last
2000105c   acc_offset
20001064   acc_angles_offset
20001070   gyro_angles
2000107c   gyro_offset
20001082   mag_offset
20001088   d_input_pitch
2000108c   d_input_roll
20001090   sample_rate
20001094   gyro_weight
20001098   angles
200010a4   angles_LP
200010b0   last_angles
200010bc   tilt_roll_beta
20001170   _Denorm
20001180   _Eps
20001190   _Hugeval
200011a0   _Inf
200011b0   _Nan
200011c0   _Snan
200011d0   _Rteps
200011e0   _Xbig
200011e8   _Zero
200011f0   _lock
200011f4   _unlock
200011f8   _cleanup_ptr
200011fc   _dtors_ptr
20001200   _Fenv
20001204   _Tls_setup__Fenv
20001208   _Errno
2000120c   main_func_sp
20001218   command
20001220   acc_angle
2000122c   acc_g
20001238   acc_g_filtered
20001244   gyro_rates
20001250   gyro_rates_filtered
2000125c   mag_gain
20001268   mag_angles
20001274   error_pitch
20001278   error_roll
2000127c   buffer
ffffffff   __binit__
ffffffff   __c_args__
ffffffff   binit
UNDEFED    SHT$$INIT_ARRAY$$Base
UNDEFED    SHT$$INIT_ARRAY$$Limit

[194 symbols]
