******************************************************************************
                  TI ARM Linker PC v5.0.1                      
******************************************************************************
>> Linked Tue Jun 25 23:14:05 2013

OUTPUT FILE NAME:   <kokopter.out>
ENTRY POINT SYMBOL: "_c_int00"  address: 00003491


MEMORY CONFIGURATION

         name            origin    length      used     unused   attr    fill
----------------------  --------  ---------  --------  --------  ----  --------
  FLASH                 00000000   00040000  00003e60  0003c1a0  R  X
  SRAM                  20000000   00008000  000012ec  00006d14  RW X


SEGMENT ALLOCATION MAP

run origin  load origin   length   init length attrs members
----------  ----------- ---------- ----------- ----- -------
00000000    00000000    00003e60   00003e60    r-x
  00000000    00000000    0000026c   0000026c    r-- .intvecs
  0000026c    0000026c    000037bc   000037bc    r-x .text
  00003a28    00003a28    00000390   00000390    r-- .const
  00003db8    00003db8    000000a8   000000a8    r-- .cinit
20000000    20000000    00001000   00000000    rw-
  20000000    20000000    00001000   00000000    rw- .stack
20001000    20001000    000002ec   00000210    rw-
  20001000    20001000    00000210   00000210    rw- .data
  20001210    20001210    000000dc   00000000    rw- .bss


SECTION ALLOCATION MAP

 output                                  attributes/
section   page    origin      length       input sections
--------  ----  ----------  ----------   ----------------
.intvecs   0    00000000    0000026c     
                  00000000    0000026c     startup_ccs.obj (.intvecs)

.text      0    0000026c    000037bc     
                  0000026c    00000ca4     main.obj (.text)
                  00000f10    00000828     imu.obj (.text)
                  00001738    000002b4     rtsv7M4_T_le_v4SPD16_eabi.lib : xsin.obj (.text)
                  000019ec    00000258                                   : tan.obj (.text)
                  00001c44    000001fc     pwm.obj (.text)
                  00001e40    000001d8     driverlib-cm4f.lib : sysctl.obj (.text:SysCtlClockGet)
                  00002018    000001b6     rtsv7M4_T_le_v4SPD16_eabi.lib : fd_add_t2.obj (.text)
                  000021ce    00000002     --HOLE-- [fill = 0]
                  000021d0    00000194                                   : xatan.obj (.text)
                  00002364    00000168                                   : fmod.obj (.text)
                  000024cc    00000158     I2C.obj (.text)
                  00002624    00000154     rtsv7M4_T_le_v4SPD16_eabi.lib : sqrt.obj (.text)
                  00002778    0000013c     driverlib-cm4f.lib : sysctl.obj (.text:SysCtlClockSet)
                  000028b4    00000136     rtsv7M4_T_le_v4SPD16_eabi.lib : fd_div_t2.obj (.text)
                  000029ea    00000002     --HOLE-- [fill = 0]
                  000029ec    00000124                                   : acos.obj (.text)
                  00002b10    00000104                                   : xdscale.obj (.text)
                  00002c14    000000fc                                   : fd_mul_t2.obj (.text)
                  00002d10    000000c8     driverlib-cm4f.lib : gpio.obj (.text:GPIOPadConfigSet)
                  00002dd8    000000be     rtsv7M4_T_le_v4SPD16_eabi.lib : xdnorm.obj (.text)
                  00002e96    00000002     --HOLE-- [fill = 0]
                  00002e98    000000bc                                   : atan.obj (.text)
                  00002f54    000000b4     uart.obj (.text)
                  00003008    0000009c     rtsv7M4_T_le_v4SPD16_eabi.lib : memcpy_t2.obj (.text)
                  000030a4    00000094                                   : auto_init.obj (.text)
                  00003138    0000007e                                   : fd_cmp_t2.obj (.text)
                  000031b6    00000002     --HOLE-- [fill = 0]
                  000031b8    00000078     driverlib-cm4f.lib : gpio.obj (.text:GPIOPinTypeI2CSCL)
                  00003230    00000064                        : interrupt.obj (.text:IntEnable)
                  00003294    00000064     rtsv7M4_T_le_v4SPD16_eabi.lib : xdunscal.obj (.text)
                  000032f8    0000005e                                   : copy_decompress_rle.obj (.text)
                  00003356    00000002     --HOLE-- [fill = 0]
                  00003358    00000058     driverlib-cm4f.lib : sysctl.obj (.text:SysCtlPeripheralEnable)
                  000033b0    0000004c                        : i2c.obj (.text:I2CMasterInitExpClk)
                  000033fc    0000004a     rtsv7M4_T_le_v4SPD16_eabi.lib : fd_tos_t2.obj (.text)
                  00003446    00000002     --HOLE-- [fill = 0]
                  00003448    00000048     driverlib-cm4f.lib : gpio.obj (.text:GPIOPinConfigure)
                  00003490    00000048     rtsv7M4_T_le_v4SPD16_eabi.lib : boot.obj (.text)
                  000034d8    00000048                                   : fd_toi_t2.obj (.text)
                  00003520    00000044     driverlib-cm4f.lib : gpio.obj (.text:GPIOIntTypeSet)
                  00003564    00000044     rtsv7M4_T_le_v4SPD16_eabi.lib : cpy_tbl.obj (.text)
                  000035a8    00000044                                   : xdtest.obj (.text)
                  000035ec    00000040                                   : exit.obj (.text)
                  0000362c    00000040                                   : signal.obj (.text)
                  0000366c    00000038                                   : fs_tod_t2.obj (.text)
                  000036a4    00000030                                   : feraiseexcept.obj (.text)
                  000036d4    00000030                                   : xferaise.obj (.text)
                  00003704    0000002e     driverlib-cm4f.lib : gpio.obj (.text:GPIODirModeSet)
                  00003732    0000002e     rtsv7M4_T_le_v4SPD16_eabi.lib : i_tofd_t2.obj (.text)
                  00003760    0000002e                                   : raise.obj (.text)
                  0000378e    00000002     --HOLE-- [fill = 0]
                  00003790    00000028     driverlib-cm4f.lib : timer.obj (.text:TimerConfigure)
                  000037b8    00000024                        : interrupt.obj (.text:IntPrioritySet)
                  000037dc    0000001a     rtsv7M4_T_le_v4SPD16_eabi.lib : cos.obj (.text)
                  000037f6    0000001a                                   : sin.obj (.text)
                  00003810    00000018     driverlib-cm4f.lib : timer.obj (.text:TimerControlLevel)
                  00003828    00000018     rtsv7M4_T_le_v4SPD16_eabi.lib : args_main.obj (.text)
                  00003840    00000016     driverlib-cm4f.lib : i2c.obj (.text:I2CMasterErr)
                  00003856    00000002     --HOLE-- [fill = 0]
                  00003858    00000014                        : systick.obj (.text:SysTickEnable)
                  0000386c    00000014                        : systick.obj (.text:SysTickIntEnable)
                  00003880    00000014     rtsv7M4_T_le_v4SPD16_eabi.lib : _lock.obj (.text)
                  00003894    00000012     driverlib-cm4f.lib : gpio.obj (.text:GPIOPinTypeGPIOInput)
                  000038a6    00000012                        : gpio.obj (.text:GPIOPinTypeGPIOOutput)
                  000038b8    00000012                        : gpio.obj (.text:GPIOPinTypeI2C)
                  000038ca    00000012                        : gpio.obj (.text:GPIOPinTypeTimer)
                  000038dc    00000012                        : timer.obj (.text:TimerLoadSet)
                  000038ee    00000012                        : timer.obj (.text:TimerMatchSet)
                  00003900    00000012                        : timer.obj (.text:TimerPrescaleMatchSet)
                  00003912    00000012                        : timer.obj (.text:TimerPrescaleSet)
                  00003924    00000012     rtsv7M4_T_le_v4SPD16_eabi.lib : copy_zero_init.obj (.text:decompress:ZI)
                  00003936    00000002     --HOLE-- [fill = 0]
                  00003938    00000010     driverlib-cm4f.lib : fpu.obj (.text:FPUEnable)
                  00003948    00000010                        : fpu.obj (.text:FPULazyStackingEnable)
                  00003958    00000010                        : systick.obj (.text:SysTickPeriodSet)
                  00003968    00000010                        : uart.obj (.text:UARTCharGetNonBlocking)
                  00003978    0000000e                        : timer.obj (.text:TimerEnable)
                  00003986    0000000e     rtsv7M4_T_le_v4SPD16_eabi.lib : copy_decompress_none.obj (.text:decompress:none)
                  00003994    0000000c     driverlib-cm4f.lib : cpu.obj (.text:CPUcpsie)
                  000039a0    0000000c                        : gpio.obj (.text:GPIOPinIntEnable)
                  000039ac    0000000c                        : timer.obj (.text:TimerValueGet)
                  000039b8    0000000c     startup_ccs.obj (.text)
                  000039c4    0000000a     driverlib-cm4f.lib : gpio.obj (.text:GPIOPinRead)
                  000039ce    0000000a                        : gpio.obj (.text:GPIOPinWrite)
                  000039d8    0000000a                        : i2c.obj (.text:I2CMasterEnable)
                  000039e2    0000000a                        : interrupt.obj (.text:IntMasterEnable)
                  000039ec    0000000a                        : uart.obj (.text:UARTIntStatus)
                  000039f6    00000008                        : i2c.obj (.text:I2CMasterBusy)
                  000039fe    00000008                        : i2c.obj (.text:I2CMasterSlaveAddrSet)
                  00003a06    00000006                        : gpio.obj (.text:GPIOPinIntClear)
                  00003a0c    00000006                        : sysctl.obj (.text:SysCtlDelay)
                  00003a12    00000006     rtsv7M4_T_le_v4SPD16_eabi.lib : copy_decompress_rle.obj (.text:decompress:rle24)
                  00003a18    00000004     driverlib-cm4f.lib : i2c.obj (.text:I2CMasterControl)
                  00003a1c    00000004                        : i2c.obj (.text:I2CMasterDataGet)
                  00003a20    00000004                        : i2c.obj (.text:I2CMasterDataPut)
                  00003a24    00000004                        : uart.obj (.text:UARTIntClear)

.const     0    00003a28    00000390     
                  00003a28    0000009c     driverlib-cm4f.lib : interrupt.obj (.const:g_pulRegs)
                  00003ac4    00000004     --HOLE-- [fill = 0]
                  00003ac8    00000088     rtsv7M4_T_le_v4SPD16_eabi.lib : xatan.obj (.const)
                  00003b50    00000080                                   : xsin.obj (.const)
                  00003bd0    00000078     driverlib-cm4f.lib : gpio.obj (.const:g_pulGPIOBaseAddrs)
                  00003c48    00000070                        : interrupt.obj (.const)
                  00003cb8    0000006c                        : sysctl.obj (.const:g_pulXtals)
                  00003d24    00000004     --HOLE-- [fill = 0]
                  00003d28    00000050     rtsv7M4_T_le_v4SPD16_eabi.lib : tan.obj (.const)
                  00003d78    00000040     driverlib-cm4f.lib : sysctl.obj (.const)

.cinit     0    00003db8    000000a8     
                  00003db8    0000007f     (.cinit..data.load) [load image, compression = rle]
                  00003e37    00000001     --HOLE-- [fill = 0]
                  00003e38    0000000c     (__TI_handler_table)
                  00003e44    00000004     --HOLE-- [fill = 0]
                  00003e48    00000008     (.cinit..bss.load) [load image, compression = zero_init]
                  00003e50    00000010     (__TI_cinit_table)

.stack     0    20000000    00001000     UNINITIALIZED
                  20000000    00001000     --HOLE--

.data      0    20001000    00000210     
                  20001000    000000c0     main.obj (.data)
                  200010c0    000000b0     rtsv7M4_T_le_v4SPD16_eabi.lib : signal.obj (.data:sigtable)
                  20001170    00000080                                   : xvalues.obj (.data)
                  200011f0    00000008                                   : _lock.obj (.data)
                  200011f8    00000008                                   : exit.obj (.data)
                  20001200    00000008                                   : feraiseexcept.obj (.data)
                  20001208    00000004                                   : errno.obj (.data)
                  2000120c    00000004                                   : stkdepth_vars.obj (.data)

.bss       0    20001210    000000dc     UNINITIALIZED
                  20001210    00000075     main.obj (.bss)
                  20001285    00000003     --HOLE--
                  20001288    00000064     main.obj (.bss:kokopter)


LINKER GENERATED COPY TABLES

__TI_cinit_table @ 00003e50 records: 2, size/record: 8, table size: 16
	.data: load addr=00003db8, load size=0000007f bytes, run addr=20001000, run size=00000210 bytes, compression=rle
	.bss: load addr=00003e48, load size=00000008 bytes, run addr=20001210, run size=000000dc bytes, compression=zero_init


LINKER GENERATED HANDLER TABLE

__TI_handler_table @ 00003e38 records: 3, size/record: 4, table size: 12
	index: 0, handler: __TI_decompress_rle24
	index: 1, handler: __TI_decompress_none
	index: 2, handler: __TI_zero_init


GLOBAL SYMBOLS: SORTED ALPHABETICALLY BY Name 

address    name
--------   ----
000035ed   C$$EXIT
00003995   CPUcpsie
00003939   FPUEnable
00003949   FPULazyStackingEnable
00003705   GPIODirModeSet
00003521   GPIOIntTypeSet
00002d11   GPIOPadConfigSet
00003449   GPIOPinConfigure
00003a07   GPIOPinIntClear
000039a1   GPIOPinIntEnable
000039c5   GPIOPinRead
00003895   GPIOPinTypeGPIOInput
000038a7   GPIOPinTypeGPIOOutput
000038b9   GPIOPinTypeI2C
000031b9   GPIOPinTypeI2CSCL
000038cb   GPIOPinTypeTimer
000039cf   GPIOPinWrite
000039f7   I2CMasterBusy
00003a19   I2CMasterControl
00003a1d   I2CMasterDataGet
00003a21   I2CMasterDataPut
000039d9   I2CMasterEnable
00003841   I2CMasterErr
000033b1   I2CMasterInitExpClk
000039ff   I2CMasterSlaveAddrSet
20001018   I_term_pitch
2000101c   I_term_roll
00003231   IntEnable
000039e3   IntMasterEnable
000037b9   IntPrioritySet
20001038   PID_output_max
000039b9   ResetISR
UNDEFED    SHT$$INIT_ARRAY$$Base
UNDEFED    SHT$$INIT_ARRAY$$Limit
00001e41   SysCtlClockGet
00002779   SysCtlClockSet
00003a0d   SysCtlDelay
00003359   SysCtlPeripheralEnable
00003859   SysTickEnable
0000386d   SysTickIntEnable
00003959   SysTickPeriodSet
000008d1   Systick_handler
00003791   TimerConfigure
00003811   TimerControlLevel
00003979   TimerEnable
000038dd   TimerLoadSet
000038ef   TimerMatchSet
00003901   TimerPrescaleMatchSet
00003913   TimerPrescaleSet
000039ad   TimerValueGet
00002fa3   UART0IntHandler
00002f71   UART1IntHandler
00003969   UARTCharGetNonBlocking
00003a25   UARTIntClear
000039ed   UARTIntStatus
00002f55   UARTSend
000021d1   _Atan
20001170   _Denorm
00002dd9   _Dnorm
00002b11   _Dscale
000035a9   _Dtest
00003295   _Dunscale
20001180   _Eps
20001208   _Errno
20001200   _Fenv
000036d5   _Feraise
20001190   _Hugeval
200011a0   _Inf
200011b0   _Nan
200011d0   _Rteps
00001739   _Sin
200011c0   _Snan
20001204   _Tls_setup__Fenv
200011e0   _Xbig
200011e8   _Zero
20001000   __STACK_END
00001000   __STACK_SIZE
20000100   __STACK_TOP
00003e50   __TI_CINIT_Base
00003e60   __TI_CINIT_Limit
00003e38   __TI_Handler_Table_Base
00003e44   __TI_Handler_Table_Limit
00000001   __TI_args_main
000030a5   __TI_auto_init
00003987   __TI_decompress_none
00003a13   __TI_decompress_rle24
00000000   __TI_static_base__
00003925   __TI_zero_init
00003139   __aeabi_cdcmpeq
00003139   __aeabi_cdcmple
000033fd   __aeabi_d2f
000034d9   __aeabi_d2iz
00002023   __aeabi_dadd
000028b5   __aeabi_ddiv
00002c15   __aeabi_dmul
00002019   __aeabi_dsub
0000366d   __aeabi_f2d
00003733   __aeabi_i2d
00003009   __aeabi_memcpy
00003009   __aeabi_memcpy4
00003009   __aeabi_memcpy8
ffffffff   __binit__
ffffffff   __c_args__
20000000   __stack
00003829   _args_main
00003491   _c_int00
200011f8   _cleanup_ptr
200011fc   _dtors_ptr
200011f0   _lock
0000388f   _nop
00003887   _register_lock
00003881   _register_unlock
200011f4   _unlock
000035f1   abort
20001220   acc_angle
20001064   acc_angles_offset
2000122c   acc_g
20001238   acc_g_filtered
20001050   acc_g_last
0000166d   acc_get_angles
00001629   acc_get_g_filtered
000015c9   acc_get_g_raw
2000105c   acc_offset
000029ed   acos
20001098   angles
200010a4   angles_LP
00002e99   atan
ffffffff   binit
20001040   buff_id
2000127c   buffer
20001044   button1_pressed
20001048   button1_time1
0000152f   calibrate_gyro
00001415   calibrate_mag
20001218   command
00003565   copy_in
000037dd   cos
20001088   d_input_pitch
2000108c   d_input_roll
20001008   err_sum_pitch
20001010   err_sum_roll
20001274   error_pitch
20001278   error_roll
000035f9   exit
000036a5   feraiseexcept
00002365   fmod
00000000   g_pfnVectors
00001161   get_angles_mag
20001070   gyro_angles
00001109   gyro_get_rates
2000107c   gyro_offset
20001244   gyro_rates
20001250   gyro_rates_filtered
20001094   gyro_weight
20001028   kd1
20001034   kd2
20001024   ki1
20001030   ki2
20001020   kp1
2000102c   kp2
200010b0   last_angles
2000100c   last_input_pitch
20001014   last_input_roll
20001268   mag_angles
2000125c   mag_gain
20001082   mag_offset
00000525   main
2000120c   main_func_sp
00003009   memcpy
0000045b   process_command
00000353   radio_interrupt_handler
2000103c   radio_thrust_prev
00003761   raise
000010ef   read_acc
00002575   read_from_I2C
000010d5   read_gyro
000010bb   read_mag
000010b9   read_sensors
20001090   sample_rate
000002a3   set_PID_constants
0000026d   set_motor_speed
20001004   set_point_pitch
20001000   set_point_roll
00001d9f   set_pwm_duty_cycle
00001c45   set_timer_pwm
00002539   setup_I2C
0000362d   signal
000037f7   sin
00002625   sqrt
000019ed   tan
200010bc   tilt_roll_beta
2000104c   total
00000f11   transform_gyro_rates
000024cd   write_to_I2C


GLOBAL SYMBOLS: SORTED BY Symbol Address 

address    name
--------   ----
00000000   __TI_static_base__
00000000   g_pfnVectors
00000001   __TI_args_main
0000026d   set_motor_speed
000002a3   set_PID_constants
00000353   radio_interrupt_handler
0000045b   process_command
00000525   main
000008d1   Systick_handler
00000f11   transform_gyro_rates
00001000   __STACK_SIZE
000010b9   read_sensors
000010bb   read_mag
000010d5   read_gyro
000010ef   read_acc
00001109   gyro_get_rates
00001161   get_angles_mag
00001415   calibrate_mag
0000152f   calibrate_gyro
000015c9   acc_get_g_raw
00001629   acc_get_g_filtered
0000166d   acc_get_angles
00001739   _Sin
000019ed   tan
00001c45   set_timer_pwm
00001d9f   set_pwm_duty_cycle
00001e41   SysCtlClockGet
00002019   __aeabi_dsub
00002023   __aeabi_dadd
000021d1   _Atan
00002365   fmod
000024cd   write_to_I2C
00002539   setup_I2C
00002575   read_from_I2C
00002625   sqrt
00002779   SysCtlClockSet
000028b5   __aeabi_ddiv
000029ed   acos
00002b11   _Dscale
00002c15   __aeabi_dmul
00002d11   GPIOPadConfigSet
00002dd9   _Dnorm
00002e99   atan
00002f55   UARTSend
00002f71   UART1IntHandler
00002fa3   UART0IntHandler
00003009   __aeabi_memcpy
00003009   __aeabi_memcpy4
00003009   __aeabi_memcpy8
00003009   memcpy
000030a5   __TI_auto_init
00003139   __aeabi_cdcmpeq
00003139   __aeabi_cdcmple
000031b9   GPIOPinTypeI2CSCL
00003231   IntEnable
00003295   _Dunscale
00003359   SysCtlPeripheralEnable
000033b1   I2CMasterInitExpClk
000033fd   __aeabi_d2f
00003449   GPIOPinConfigure
00003491   _c_int00
000034d9   __aeabi_d2iz
00003521   GPIOIntTypeSet
00003565   copy_in
000035a9   _Dtest
000035ed   C$$EXIT
000035f1   abort
000035f9   exit
0000362d   signal
0000366d   __aeabi_f2d
000036a5   feraiseexcept
000036d5   _Feraise
00003705   GPIODirModeSet
00003733   __aeabi_i2d
00003761   raise
00003791   TimerConfigure
000037b9   IntPrioritySet
000037dd   cos
000037f7   sin
00003811   TimerControlLevel
00003829   _args_main
00003841   I2CMasterErr
00003859   SysTickEnable
0000386d   SysTickIntEnable
00003881   _register_unlock
00003887   _register_lock
0000388f   _nop
00003895   GPIOPinTypeGPIOInput
000038a7   GPIOPinTypeGPIOOutput
000038b9   GPIOPinTypeI2C
000038cb   GPIOPinTypeTimer
000038dd   TimerLoadSet
000038ef   TimerMatchSet
00003901   TimerPrescaleMatchSet
00003913   TimerPrescaleSet
00003925   __TI_zero_init
00003939   FPUEnable
00003949   FPULazyStackingEnable
00003959   SysTickPeriodSet
00003969   UARTCharGetNonBlocking
00003979   TimerEnable
00003987   __TI_decompress_none
00003995   CPUcpsie
000039a1   GPIOPinIntEnable
000039ad   TimerValueGet
000039b9   ResetISR
000039c5   GPIOPinRead
000039cf   GPIOPinWrite
000039d9   I2CMasterEnable
000039e3   IntMasterEnable
000039ed   UARTIntStatus
000039f7   I2CMasterBusy
000039ff   I2CMasterSlaveAddrSet
00003a07   GPIOPinIntClear
00003a0d   SysCtlDelay
00003a13   __TI_decompress_rle24
00003a19   I2CMasterControl
00003a1d   I2CMasterDataGet
00003a21   I2CMasterDataPut
00003a25   UARTIntClear
00003e38   __TI_Handler_Table_Base
00003e44   __TI_Handler_Table_Limit
00003e50   __TI_CINIT_Base
00003e60   __TI_CINIT_Limit
20000000   __stack
20000100   __STACK_TOP
20001000   __STACK_END
20001000   set_point_roll
20001004   set_point_pitch
20001008   err_sum_pitch
2000100c   last_input_pitch
20001010   err_sum_roll
20001014   last_input_roll
20001018   I_term_pitch
2000101c   I_term_roll
20001020   kp1
20001024   ki1
20001028   kd1
2000102c   kp2
20001030   ki2
20001034   kd2
20001038   PID_output_max
2000103c   radio_thrust_prev
20001040   buff_id
20001044   button1_pressed
20001048   button1_time1
2000104c   total
20001050   acc_g_last
2000105c   acc_offset
20001064   acc_angles_offset
20001070   gyro_angles
2000107c   gyro_offset
20001082   mag_offset
20001088   d_input_pitch
2000108c   d_input_roll
20001090   sample_rate
20001094   gyro_weight
20001098   angles
200010a4   angles_LP
200010b0   last_angles
200010bc   tilt_roll_beta
20001170   _Denorm
20001180   _Eps
20001190   _Hugeval
200011a0   _Inf
200011b0   _Nan
200011c0   _Snan
200011d0   _Rteps
200011e0   _Xbig
200011e8   _Zero
200011f0   _lock
200011f4   _unlock
200011f8   _cleanup_ptr
200011fc   _dtors_ptr
20001200   _Fenv
20001204   _Tls_setup__Fenv
20001208   _Errno
2000120c   main_func_sp
20001218   command
20001220   acc_angle
2000122c   acc_g
20001238   acc_g_filtered
20001244   gyro_rates
20001250   gyro_rates_filtered
2000125c   mag_gain
20001268   mag_angles
20001274   error_pitch
20001278   error_roll
2000127c   buffer
ffffffff   __binit__
ffffffff   __c_args__
ffffffff   binit
UNDEFED    SHT$$INIT_ARRAY$$Base
UNDEFED    SHT$$INIT_ARRAY$$Limit

[194 symbols]
